services/orgPolicyVoting.ts(394,3): error TS1434: Unexpected keyword or identifier.
services/orgPolicyVoting.ts(394,27): error TS1005: ',' expected.
services/orgPolicyVoting.ts(394,36): error TS1005: ';' expected.
services/orgPolicyVoting.ts(395,7): error TS1005: ':' expected.
services/orgPolicyVoting.ts(396,11): error TS1005: ':' expected.
services/orgPolicyVoting.ts(396,59): error TS1005: ',' expected.
services/orgPolicyVoting.ts(399,12): error TS1005: ':' expected.
services/orgPolicyVoting.ts(413,6): error TS1005: ',' expected.
services/orgPolicyVoting.ts(414,5): error TS1005: ',' expected.
services/orgPolicyVoting.ts(419,1): error TS1128: Declaration or statement expected.
